<html>
<body>
<pre>
<h1>µVision Build Log</h1>
<h2>Tool Versions:</h2>
IDE-Version: ¦ÌVision V5.36.0.0
Copyright (C) 2021 ARM Ltd and ARM Germany GmbH. All rights reserved.
License Information: goon Jc-Lx, rld, LIC=76F5U-SFAEU-2Z1W4-FA6UH-I8FHB-9WFE7
 
Tool Versions:
Toolchain:       MDK-ARM Plus  Version: 5.36.0.0
Toolchain Path:  D:\MDK5\ARM\ARMCLANG\Bin
C Compiler:      ArmClang.exe V6.16
Assembler:       Armasm.exe V6.16
Linker/Locator:  ArmLink.exe V6.16
Library Manager: ArmAr.exe V6.16
Hex Converter:   FromElf.exe V6.16
CPU DLL:         SARMCM3.DLL V5.36.0.0
Dialog DLL:      DCM.DLL V1.17.3.0
Target DLL:      STLink\ST-LINKIII-KEIL_SWO.dll V3.0.9.0
Dialog DLL:      TCM.DLL V1.53.0.0
 
<h2>Project:</h2>
C:\Users\Jc-Lx\Desktop\stm32F1xxIAP\stm32f1xxbootloader\prj\STM32F1xx.uvprojx
Project File Date:  04/28/2023

<h2>Output:</h2>
*** Using Compiler 'V6.16', folder: 'D:\MDK5\ARM\ARMCLANG\Bin'
Rebuild target 'Stm32F1xxOtaBoot'
assembling startup_stm32f10x_md.s...
compiling stm32f10x_gpio.c...
compiling misc.c...
compiling stm32f10x_flash.c...
compiling stm32f10x_rcc.c...
compiling stm32f10x_usart.c...
compiling main.c...
compiling system_stm32f10x.c...
compiling bsp_systick.c...
compiling stm32f10x_it.c...
compiling bsp_flash.c...
compiling bsp_master_usart.c...
compiling hal_modem.c...
linking...
Program Size: Code=5524 RO-data=6672 RW-data=12 ZI-data=3884  
".\Objects\STM32F1xx.axf" - 0 Error(s), 0 Warning(s).

<h2>Software Packages used:</h2>

Package Vendor: ARM
                http://www.keil.com/pack/ARM.CMSIS.5.9.0.pack
                ARM.CMSIS.5.9.0
                CMSIS (Common Microcontroller Software Interface Standard)
   * Component: CORE Version: 5.6.0

Package Vendor: Keil
                http://www.keil.com/pack/Keil.STM32F1xx_DFP.2.4.0.pack
                Keil.STM32F1xx_DFP.2.4.0
                STMicroelectronics STM32F1 Series Device Support, Drivers and Examples

<h2>Collection of Component include folders:</h2>
  .\RTE\_Stm32F1xxOtaBoot
  D:\MDK5\ARM\PACK\ARM\CMSIS\5.9.0\CMSIS\Core\Include
  D:\MDK5\ARM\PACK\Keil\STM32F1xx_DFP\2.4.0\Device\Include

<h2>Collection of Component Files used:</h2>

   * Component: ARM::CMSIS:CORE:5.6.0
Build Time Elapsed:  00:00:02
</pre>
</body>
</html>
